17:16:10 **** 构建 of configuration Release for project edgedash ****
make -j16 all 
Compile src/uart/ProtocolParser.cpp
Compile src/uart/ProtocolSender.cpp
Compile src/uart/UartContext.cpp
Compile src/activity/mainActivity.cpp
Compile src/Main.cpp
Linking libzkgui.so
23:55:30 **** 仅清理的构建 of configuration Release for project edgedash ****
make -j16 clean 
 
23:55:30 **** Incremental Build of configuration Release for project edgedash ****
make -j16 all 
Compile src/uart/ProtocolParser.cpp
Compile src/uart/ProtocolSender.cpp
Compile src/uart/UartContext.cpp
Compile src/activity/dashboardActivity.cpp
Compile src/activity/edgedashActivity.cpp
Compile src/activity/mainActivity.cpp
Compile src/Main.cpp
In file included from ../src/activity/mainActivity.cpp:19:0:
..\src/logic/mainLogic.cc: In function 'void onUI_init()':
..\src/logic/mainLogic.cc:49:5: error: 'msoftPtr' was not declared in this scope
     msoftPtr->setVisible(false);
     ^~~~~~~~
..\src/logic/mainLogic.cc:50:5: error: 'msettingPtr' was not declared in this scope
     msettingPtr->setVisible(false);
     ^~~~~~~~~~~
..\src/logic/mainLogic.cc: In function 'bool onmainActivityTouchEvent(const MotionEvent&)':
..\src/logic/mainLogic.cc:146:40: error: 'msoftPtr' was not declared in this scope
                     onButtonClick_soft(msoftPtr);
                                        ^~~~~~~~
..\src/logic/mainLogic.cc:150:43: error: 'msettingPtr' was not declared in this scope
                     onButtonClick_setting(msettingPtr);
                                           ^~~~~~~~~~~
make: *** [src/activity/mainActivity.o] Error 1
make: *** Waiting for unfinished jobs....
"make -j16 all" terminated with exit code 2. Build might be incomplete.
23:55:34 **** Incremental Build of configuration Release for project edgedash ****
make -j16 all 
Compile src/activity/mainActivity.cpp
In file included from ../src/activity/mainActivity.cpp:19:0:
..\src/logic/mainLogic.cc: In function 'void onUI_init()':
..\src/logic/mainLogic.cc:49:5: error: 'msoftPtr' was not declared in this scope
     msoftPtr->setVisible(false);
     ^~~~~~~~
..\src/logic/mainLogic.cc:50:5: error: 'msettingPtr' was not declared in this scope
     msettingPtr->setVisible(false);
     ^~~~~~~~~~~
..\src/logic/mainLogic.cc: In function 'bool onmainActivityTouchEvent(const MotionEvent&)':
..\src/logic/mainLogic.cc:146:40: error: 'msoftPtr' was not declared in this scope
                     onButtonClick_soft(msoftPtr);
                                        ^~~~~~~~
..\src/logic/mainLogic.cc:150:43: error: 'msettingPtr' was not declared in this scope
                     onButtonClick_setting(msettingPtr);
                                           ^~~~~~~~~~~
make: *** [src/activity/mainActivity.o] Error 1
"make -j16 all" terminated with exit code 2. Build might be incomplete.
23:56:15 **** Incremental Build of configuration Release for project edgedash ****
make -j16 all 
Compile src/activity/mainActivity.cpp
Linking libzkgui.so
23:56:21 **** Incremental Build of configuration Release for project edgedash ****
make -j16 all 
make: Nothing to be done for `all'.
23:57:51 **** Incremental Build of configuration Release for project edgedash ****
make -j16 all 
make: Nothing to be done for `all'.
23:59:32 **** Incremental Build of configuration Release for project edgedash ****
make -j16 all 
make: Nothing to be done for `all'.
00:01:07 **** Incremental Build of configuration Release for project edgedash ****
make -j16 all 
Compile src/activity/mainActivity.cpp
Linking libzkgui.so
00:01:14 **** Incremental Build of configuration Release for project edgedash ****
make -j16 all 
make: Nothing to be done for `all'.
14:13:57 **** 仅清理的构建 of configuration Release for project edgedash ****
make -j16 clean 
 
14:13:57 **** Incremental Build of configuration Release for project edgedash ****
make -j16 all 
Compile src/uart/ProtocolParser.cpp
Compile src/uart/ProtocolSender.cpp
Compile src/uart/UartContext.cpp
Compile src/activity/WifitSetActivity.cpp
Compile src/activity/dashboardActivity.cpp
Compile src/activity/edgedashActivity.cpp
Compile src/activity/mainActivity.cpp
Compile src/Main.cpp
In file included from ../src/activity/mainActivity.cpp:18:0:
..\src/logic/mainLogic.cc: In function 'void onUI_init()':
..\src/logic/mainLogic.cc:52:2: error: 'mButton2Ptr' was not declared in this scope
  mButton2Ptr->setVisible(true);
  ^~~~~~~~~~~
..\src/logic/mainLogic.cc: At global scope:
..\src/logic/mainLogic.cc:142:13: warning: 'bool onButtonClick_Button2(ZKButton*)' defined but not used [-Wunused-function]
 static bool onButtonClick_Button2(ZKButton *pButton) {
             ^~~~~~~~~~~~~~~~~~~~~
make: *** [src/activity/mainActivity.o] Error 1
make: *** Waiting for unfinished jobs....
"make -j16 all" terminated with exit code 2. Build might be incomplete.
14:14:34 **** Incremental Build of configuration Release for project edgedash ****
make -j16 all 
Compile src/activity/mainActivity.cpp
In file included from ../src/activity/mainActivity.cpp:18:0:
..\src/logic/mainLogic.cc: In function 'void onUI_init()':
..\src/logic/mainLogic.cc:52:2: error: 'mButton2Ptr' was not declared in this scope
  mButton2Ptr->setVisible(true);
  ^~~~~~~~~~~
make: *** [src/activity/mainActivity.o] Error 1
"make -j16 all" terminated with exit code 2. Build might be incomplete.
14:14:49 **** Incremental Build of configuration Release for project edgedash ****
make -j16 all 
Compile src/activity/mainActivity.cpp
Linking libzkgui.so
14:16:18 **** Incremental Build of configuration Release for project edgedash ****
make -j16 all 
make: Nothing to be done for `all'.
14:17:22 **** Incremental Build of configuration Release for project edgedash ****
make -j16 all 
Compile src/activity/mainActivity.cpp
In file included from ../src/activity/mainActivity.cpp:17:0:
..\src/logic/mainLogic.cc: In function 'void onUI_init()':
..\src/logic/mainLogic.cc:49:2: error: 'mButton1Ptr' was not declared in this scope
  mButton1Ptr->setVisible(true);
  ^~~~~~~~~~~
..\src/logic/mainLogic.cc: At global scope:
..\src/logic/mainLogic.cc:133:13: warning: 'bool onButtonClick_Button1(ZKButton*)' defined but not used [-Wunused-function]
 static bool onButtonClick_Button1(ZKButton *pButton) {
             ^~~~~~~~~~~~~~~~~~~~~
make: *** [src/activity/mainActivity.o] Error 1
"make -j16 all" terminated with exit code 2. Build might be incomplete.
14:17:31 **** Incremental Build of configuration Release for project edgedash ****
make -j16 all 
Compile src/activity/mainActivity.cpp
Linking libzkgui.so
14:18:11 **** Incremental Build of configuration Release for project edgedash ****
make -j16 all 
Compile src/activity/mainActivity.cpp
In file included from ../src/activity/mainActivity.cpp:17:0:
..\src/logic/mainLogic.cc: In function 'void onUI_init()':
..\src/logic/mainLogic.cc:49:2: error: 'mButton1Ptr' was not declared in this scope
  mButton1Ptr->setVisible(true);
  ^~~~~~~~~~~
..\src/logic/mainLogic.cc: At global scope:
..\src/logic/mainLogic.cc:133:13: warning: 'bool onButtonClick_Button1(ZKButton*)' defined but not used [-Wunused-function]
 static bool onButtonClick_Button1(ZKButton *pButton) {
             ^~~~~~~~~~~~~~~~~~~~~
make: *** [src/activity/mainActivity.o] Error 1
"make -j16 all" terminated with exit code 2. Build might be incomplete.
14:18:18 **** Incremental Build of configuration Release for project edgedash ****
make -j16 all 
Compile src/activity/mainActivity.cpp
Linking libzkgui.so
14:21:21 **** 构建 of configuration Release for project edgedash ****
make -j16 all 
Compile src/uart/ProtocolParser.cpp
Compile src/uart/ProtocolSender.cpp
Compile src/uart/UartContext.cpp
Compile src/activity/mainActivity.cpp
Compile src/Main.cpp
Linking libzkgui.so
14:22:10 **** Incremental Build of configuration Release for project edgedash ****
make -j16 all 
Compile src/activity/mainActivity.cpp
Compile src/activity/testActivity.cpp
Linking libzkgui.so
14:22:45 **** Incremental Build of configuration Release for project edgedash ****
make -j16 all 
make: Nothing to be done for `all'.
14:24:11 **** Incremental Build of configuration Release for project edgedash ****
make -j16 all 
Compile src/activity/mainActivity.cpp
Linking libzkgui.so
14:24:24 **** Incremental Build of configuration Release for project edgedash ****
make -j16 all 
make: Nothing to be done for `all'.
14:25:24 **** Incremental Build of configuration Release for project edgedash ****
make -j16 all 
Compile src/activity/mainActivity.cpp
Linking libzkgui.so
14:28:13 **** Incremental Build of configuration Release for project edgedash ****
make -j16 all 
make: Nothing to be done for `all'.
14:34:41 **** Incremental Build of configuration Release for project edgedash ****
make -j16 all 
Compile src/activity/testActivity.cpp
Linking libzkgui.so
14:35:11 **** Incremental Build of configuration Release for project edgedash ****
make -j16 all 
Compile src/activity/testActivity.cpp
Linking libzkgui.so
14:35:56 **** Incremental Build of configuration Release for project edgedash ****
make -j16 all 
make: Nothing to be done for `all'.
14:38:21 **** Incremental Build of configuration Release for project edgedash ****
make -j16 all 
Compile src/activity/testActivity.cpp
Linking libzkgui.so
14:38:37 **** Incremental Build of configuration Release for project edgedash ****
make -j16 all 
make: Nothing to be done for `all'.
14:39:30 **** Incremental Build of configuration Release for project edgedash ****
make -j16 all 
make: Nothing to be done for `all'.
14:42:19 **** Incremental Build of configuration Release for project edgedash ****
make -j16 all 
Compile src/activity/testActivity.cpp
Linking libzkgui.so
14:42:23 **** Incremental Build of configuration Release for project edgedash ****
make -j16 all 
make: Nothing to be done for `all'.
14:42:27 **** Incremental Build of configuration Release for project edgedash ****
make -j16 all 
make: Nothing to be done for `all'.
